.\venv\Scripts\python.e
xe : C:\Users\gupta\Des
ktop\final voice autth\
backend\ml_engine.py:13
: UserWarning: Module '
speechbrain.pretrained'
 was deprecated, 
redirecting to 'speechb
rain.inference'. 
Please update your 
script. This is a 
change from 
SpeechBrain 1.0. See: h
ttps://github.com/speec
hbrain/speechbrain/rele
ases/tag/v1.0.0
At line:1 char:1
+ .\venv\Scripts\python
.exe test_ml.py > 
test_output.txt 2>&1
+ ~~~~~~~~~~~~~~~~~~~~~
~~~~~~~~~~~~~~~~~~~~~~~
~~~~~~~~~~~~~~~
    + CategoryInfo     
         : NotSpecifi  
  ed: (C:\Users\gupt   
 a\...ases/tag/v1.0    
.0:String) [], Rem    
oteException
    + FullyQualifiedEr 
   rorId : NativeComm  
  andError
 
  from 
speechbrain.pretrained 
import 
EncoderClassifier
C:\Users\gupta\Desktop\
final voice autth\venv\
Lib\site-packages\huggi
ngface_hub\file_downloa
d.py:1194: 
UserWarning: `local_dir
_use_symlinks` 
parameter is 
deprecated and will be 
ignored. The process 
to download files to a 
local folder has been 
updated and do not 
rely on symlinks 
anymore. You only need 
to pass a destination 
folder as`local_dir`.
For more details, 
check out https://huggi
ngface.co/docs/huggingf
ace_hub/main/en/guides/
download#download-files
-to-local-folder.
  warnings.warn(
Initializing SpeechBrain ResNet model on CPU...

Fetching 10 files:   
0%|          | 0/10 
[00:00<?, ?it/s]
Fetching 10 files: 
100%|##########| 10/10 
[00:00<00:00, 
147686.76it/s]
C:\Users\gupta\Desktop\
final voice autth\venv\
Lib\site-packages\speec
hbrain\utils\autocast.p
y:188: FutureWarning: `
torch.cuda.amp.custom_f
wd(args...)` is 
deprecated. Please use 
`torch.amp.custom_fwd(a
rgs..., 
device_type='cuda')` 
instead.
  wrapped_fwd = torch.c
uda.amp.custom_fwd(fwd,
 cast_inputs=cast_input
s)
C:\Users\gupta\Desktop\
final voice autth\venv\
Lib\site-packages\speec
hbrain\utils\parameter_
transfer.py:234: 
UserWarning: Requested 
Pretrainer collection 
using symlinks on 
Windows. This might 
not work; see 
`LocalStrategy` 
documentation. 
Consider unsetting 
`collect_in` in 
Pretrainer to avoid 
symlinking altogether.
  warnings.warn(
C:\Users\gupta\Desktop\
final voice autth\venv\
Lib\site-packages\speec
hbrain\utils\fetching.p
y:151: UserWarning: 
Using SYMLINK strategy 
on Windows for 
fetching potentially 
requires elevated 
privileges and is not 
recommended. See 
`LocalStrategy` 
documentation.
  warnings.warn(
Error loading ECAPA-TDNN model: [WinError 1314] A required privilege is not held by the client: 'C:\\Users\\gupta\\.cache\\huggingface\\hub\\models--speechbrain--spkrec-ecapa-voxceleb\\snapshots\\0f99f2d0ebe89ac095bcc5903c4dd8f72b367286\\label_encoder.txt' -> 'C:\\Users\\gupta\\Desktop\\final voice autth\\backend\\pretrained_models\\spkrec-ecapa-voxceleb\\label_encoder.ckpt'
Initializing SpeechBrain ResNet model on CPU...

Fetching 10 files:   
0%|          | 0/10 
[00:00<?, ?it/s]
Fetching 10 files: 
100%|##########| 10/10 
[00:00<00:00, 
2666.27it/s]
Error loading ECAPA-TDNN model: [WinError 1314] A required privilege is not held by the client: 'C:\\Users\\gupta\\.cache\\huggingface\\hub\\models--speechbrain--spkrec-ecapa-voxceleb\\snapshots\\0f99f2d0ebe89ac095bcc5903c4dd8f72b367286\\label_encoder.txt' -> 'C:\\Users\\gupta\\Desktop\\final voice autth\\backend\\pretrained_models\\spkrec-ecapa-voxceleb\\label_encoder.ckpt'
Classifier status: False
Classifier is None!
